// Jest Snapshot v1, https://goo.gl/fbAQLP

exports[`expects to render App component 1`] = `ShallowWrapper {}`;

exports[`it renders main page without crashing 1`] = `ShallowWrapper {}`;
